** Drc report for better-md80.kicad_pcb **
** Created on 2026-09-28T08:11:40 **
** Report includes: Errors, Warnings, Exclusions **

** Found 139 DRC violations **
[courtyards_overlap]: Courtyards overlap
    Rule: board setup constraints courtyard; error
    @(153.1500 mm, 79.0000 mm): Footprint J3
    @(150.0000 mm, 100.0000 mm): Footprint MECH1
[track_dangling]: Track has unconnected end
    Local override; warning
    @(148.8110 mm, 117.3010 mm): Track [+3V3A] on B.Cu, length 0.4257 mm
[track_dangling]: Track has unconnected end
    Local override; warning
    @(157.2796 mm, 90.5829 mm): Track [SPI3_MOSI] on In4.Cu, length 5.8029 mm
[via_dangling]: Via is not connected or connected on only one layer
    Local override; warning
    @(156.2500 mm, 89.3125 mm): Via [BOOT0] on F.Cu - B.Cu
[track_dangling]: Track has unconnected end
    Local override; warning
    @(129.7700 mm, 86.0737 mm): Track [BST12] on F.Cu, length 0.6686 mm
[track_dangling]: Track has unconnected end
    Local override; warning
    @(127.7700 mm, 85.4500 mm): Track [BST12] on In3.Cu, length 0.6500 mm
[track_dangling]: Track has unconnected end
    Local override; warning
    @(134.1498 mm, 112.6497 mm): Track [GLA] on In3.Cu, length 2.4419 mm
[lib_footprint_mismatch]: Footprint 'C_0603_1608Metric' does not match copy in library 'Capacitor_SMD'
    Local override; warning
    @(148.7500 mm, 101.7500 mm): Footprint C44
[lib_footprint_mismatch]: Footprint 'C_1206_3216Metric' does not match copy in library 'Capacitor_SMD'
    Local override; warning
    @(145.5000 mm, 107.2000 mm): Footprint C104
[lib_footprint_mismatch]: Footprint 'C_1206_3216Metric' does not match copy in library 'Capacitor_SMD'
    Local override; warning
    @(160.5000 mm, 107.2000 mm): Footprint C109
[lib_footprint_mismatch]: Footprint 'C_0402_1005Metric' does not match copy in library 'Capacitor_SMD'
    Local override; warning
    @(152.7500 mm, 102.0000 mm): Footprint C48
[lib_footprint_mismatch]: Footprint 'TDSON-8-1' does not match copy in library 'Package_TO_SOT_SMD'
    Local override; warning
    @(150.0000 mm, 113.5000 mm): Footprint Q3
[lib_footprint_mismatch]: Footprint 'R_0402_1005Metric' does not match copy in library 'Resistor_SMD'
    Local override; warning
    @(161.5000 mm, 83.0000 mm): Footprint R62
[lib_footprint_mismatch]: Footprint 'C_1206_3216Metric' does not match copy in library 'Capacitor_SMD'
    Local override; warning
    @(148.5000 mm, 107.2000 mm): Footprint C105
[lib_footprint_mismatch]: Footprint 'R_0402_1005Metric' does not match copy in library 'Resistor_SMD'
    Local override; warning
    @(156.5000 mm, 86.7500 mm): Footprint R60
[lib_footprint_mismatch]: Footprint 'C_1210_3225Metric' does not match copy in library 'Capacitor_SMD'
    Local override; warning
    @(141.0000 mm, 78.0000 mm): Footprint C10
[lib_footprint_mismatch]: Footprint 'C_0603_1608Metric' does not match copy in library 'Capacitor_SMD'
    Local override; warning
    @(139.2500 mm, 89.0000 mm): Footprint C6
[lib_footprint_mismatch]: Footprint 'C_0603_1608Metric' does not match copy in library 'Capacitor_SMD'
    Local override; warning
    @(136.5000 mm, 79.7500 mm): Footprint C11
[lib_footprint_mismatch]: Footprint 'C_1206_3216Metric' does not match copy in library 'Capacitor_SMD'
    Local override; warning
    @(151.5000 mm, 107.2000 mm): Footprint C106
[lib_footprint_mismatch]: Footprint 'D_SMB' does not match copy in library 'Diode_SMD'
    Local override; warning
    @(135.0000 mm, 101.0000 mm): Footprint D1
[lib_footprint_mismatch]: Footprint 'C_0402_1005Metric' does not match copy in library 'Capacitor_SMD'
    Local override; warning
    @(162.7500 mm, 102.7500 mm): Footprint C63
[lib_footprint_mismatch]: Footprint 'C_1206_3216Metric' does not match copy in library 'Capacitor_SMD'
    Local override; warning
    @(163.5000 mm, 107.2000 mm): Footprint C110
[lib_footprint_mismatch]: Footprint 'C_0805_2012Metric' does not match copy in library 'Capacitor_SMD'
    Local override; warning
    @(149.0000 mm, 97.5000 mm): Footprint C40
[lib_footprint_mismatch]: Footprint 'C_0402_1005Metric' does not match copy in library 'Capacitor_SMD'
    Local override; warning
    @(166.2500 mm, 92.0000 mm): Footprint C60
[lib_footprint_mismatch]: Footprint 'C_1206_3216Metric' does not match copy in library 'Capacitor_SMD'
    Local override; warning
    @(166.5000 mm, 107.2000 mm): Footprint C111
[lib_footprint_mismatch]: Footprint 'C_0402_1005Metric' does not match copy in library 'Capacitor_SMD'
    Local override; warning
    @(154.2500 mm, 110.7500 mm): Footprint C50
[lib_footprint_mismatch]: Footprint 'LED_0603_1608Metric' does not match copy in library 'LED_SMD'
    Local override; warning
    @(165.7500 mm, 89.0000 mm): Footprint D60
[lib_footprint_mismatch]: Footprint 'C_0402_1005Metric' does not match copy in library 'Capacitor_SMD'
    Local override; warning
    @(129.5000 mm, 84.2500 mm): Footprint C8
[lib_footprint_mismatch]: Footprint 'C_0603_1608Metric' does not match copy in library 'Capacitor_SMD'
    Local override; warning
    @(156.0000 mm, 102.2500 mm): Footprint C64
[lib_footprint_mismatch]: Footprint 'C_0603_1608Metric' does not match copy in library 'Capacitor_SMD'
    Local override; warning
    @(149.5000 mm, 92.2500 mm): Footprint C45
[lib_footprint_mismatch]: Footprint 'C_0603_1608Metric' does not match copy in library 'Capacitor_SMD'
    Local override; warning
    @(134.2500 mm, 94.0000 mm): Footprint C42
[lib_footprint_mismatch]: Footprint 'Texas_HSOP-8-1EP_3.9x4.9mm_P1.27mm' does not match copy in library 'Package_SO'
    Local override; warning
    @(140.5000 mm, 84.0000 mm): Footprint U1
[lib_footprint_mismatch]: Footprint 'C_0402_1005Metric' does not match copy in library 'Capacitor_SMD'
    Local override; warning
    @(156.5000 mm, 84.5000 mm): Footprint C68
[lib_footprint_mismatch]: Footprint 'L_Bourns-SRN4018' does not match copy in library 'Inductor_SMD'
    Local override; warning
    @(146.5000 mm, 88.7500 mm): Footprint L1
[lib_footprint_mismatch]: Footprint 'R_0402_1005Metric' does not match copy in library 'Resistor_SMD'
    Local override; warning
    @(135.5000 mm, 90.0000 mm): Footprint R6
[lib_footprint_mismatch]: Footprint 'TDSON-8-1' does not match copy in library 'Package_TO_SOT_SMD'
    Local override; warning
    @(150.0000 mm, 120.1000 mm): Footprint Q4
[lib_footprint_mismatch]: Footprint 'C_0402_1005Metric' does not match copy in library 'Capacitor_SMD'
    Local override; warning
    @(151.2500 mm, 103.7500 mm): Footprint C47
[lib_footprint_mismatch]: Footprint 'R_0402_1005Metric' does not match copy in library 'Resistor_SMD'
    Local override; warning
    @(142.2500 mm, 90.5000 mm): Footprint R5
[lib_footprint_mismatch]: Footprint 'C_0402_1005Metric' does not match copy in library 'Capacitor_SMD'
    Local override; warning
    @(167.0000 mm, 97.5000 mm): Footprint C66
[lib_footprint_mismatch]: Footprint 'C_0402_1005Metric' does not match copy in library 'Capacitor_SMD'
    Local override; warning
    @(161.2500 mm, 102.5000 mm): Footprint C62
[lib_footprint_mismatch]: Footprint 'C_1206_3216Metric' does not match copy in library 'Capacitor_SMD'
    Local override; warning
    @(142.5000 mm, 107.2000 mm): Footprint C103
[lib_footprint_mismatch]: Footprint 'Molex_PicoBlade_53048-0810_1x08_P1.25mm_Horizontal' does not match copy in library 'Connector_Molex'
    Local override; warning
    @(170.5000 mm, 102.6000 mm): Footprint J4
[lib_footprint_mismatch]: Footprint 'R_0402_1005Metric' does not match copy in library 'Resistor_SMD'
    Local override; warning
    @(142.5000 mm, 89.0000 mm): Footprint R4
[lib_footprint_mismatch]: Footprint 'C_0402_1005Metric' does not match copy in library 'Capacitor_SMD'
    Local override; warning
    @(150.2500 mm, 90.0000 mm): Footprint C41
[lib_footprint_mismatch]: Footprint 'TDSON-8-1' does not match copy in library 'Package_TO_SOT_SMD'
    Local override; warning
    @(160.0000 mm, 120.1000 mm): Footprint Q6
[lib_footprint_mismatch]: Footprint 'R_0402_1005Metric' does not match copy in library 'Resistor_SMD'
    Local override; warning
    @(131.7500 mm, 99.7500 mm): Footprint R40
[lib_footprint_mismatch]: Footprint 'C_0402_1005Metric' does not match copy in library 'Capacitor_SMD'
    Local override; warning
    @(168.0000 mm, 94.5000 mm): Footprint C67
[lib_footprint_mismatch]: Footprint 'C_0402_1005Metric' does not match copy in library 'Capacitor_SMD'
    Local override; warning
    @(165.5000 mm, 97.5000 mm): Footprint C4
[lib_footprint_mismatch]: Footprint 'C_0402_1005Metric' does not match copy in library 'Capacitor_SMD'
    Local override; warning
    @(159.0000 mm, 103.5000 mm): Footprint C49
[lib_footprint_mismatch]: Footprint 'R_0402_1005Metric' does not match copy in library 'Resistor_SMD'
    Local override; warning
    @(133.5000 mm, 90.7500 mm): Footprint R42
[lib_footprint_mismatch]: Footprint 'R_0402_1005Metric' does not match copy in library 'Resistor_SMD'
    Local override; warning
    @(131.0000 mm, 84.2500 mm): Footprint R7
[lib_footprint_mismatch]: Footprint 'R_0402_1005Metric' does not match copy in library 'Resistor_SMD'
    Local override; warning
    @(159.2500 mm, 102.0000 mm): Footprint R2
[lib_footprint_mismatch]: Footprint 'R_0402_1005Metric' does not match copy in library 'Resistor_SMD'
    Local override; warning
    @(150.5000 mm, 101.7500 mm): Footprint R41
[lib_footprint_mismatch]: Footprint 'Molex_PicoBlade_53048-0610_1x06_P1.25mm_Horizontal' does not match copy in library 'Connector_Molex'
    Local override; warning
    @(153.1500 mm, 79.0000 mm): Footprint J3
[lib_footprint_mismatch]: Footprint 'C_1206_3216Metric' does not match copy in library 'Capacitor_SMD'
    Local override; warning
    @(157.5000 mm, 107.2000 mm): Footprint C108
[lib_footprint_mismatch]: Footprint 'C_1206_3216Metric' does not match copy in library 'Capacitor_SMD'
    Local override; warning
    @(145.0000 mm, 83.5000 mm): Footprint C5
[lib_footprint_mismatch]: Footprint 'C_0402_1005Metric' does not match copy in library 'Capacitor_SMD'
    Local override; warning
    @(154.0000 mm, 87.0000 mm): Footprint C61
[lib_footprint_mismatch]: Footprint 'C_0402_1005Metric' does not match copy in library 'Capacitor_SMD'
    Local override; warning
    @(164.2500 mm, 102.2500 mm): Footprint C69
[lib_footprint_mismatch]: Footprint 'R_0603_1608Metric' does not match copy in library 'Resistor_SMD'
    Local override; warning
    @(166.0000 mm, 94.5000 mm): Footprint R1
[lib_footprint_mismatch]: Footprint 'C_0402_1005Metric' does not match copy in library 'Capacitor_SMD'
    Local override; warning
    @(165.7500 mm, 100.0000 mm): Footprint C65
[lib_footprint_mismatch]: Footprint 'TDSON-8-1' does not match copy in library 'Package_TO_SOT_SMD'
    Local override; warning
    @(140.0000 mm, 113.5000 mm): Footprint Q1
[lib_footprint_mismatch]: Footprint 'C_0402_1005Metric' does not match copy in library 'Capacitor_SMD'
    Local override; warning
    @(130.2500 mm, 86.2500 mm): Footprint C7
[lib_footprint_mismatch]: Footprint 'C_1206_3216Metric' does not match copy in library 'Capacitor_SMD'
    Local override; warning
    @(133.5000 mm, 107.2000 mm): Footprint C100
[lib_footprint_mismatch]: Footprint 'R_0603_1608Metric' does not match copy in library 'Resistor_SMD'
    Local override; warning
    @(134.2500 mm, 80.0000 mm): Footprint R8
[lib_footprint_mismatch]: Footprint 'C_1206_3216Metric' does not match copy in library 'Capacitor_SMD'
    Local override; warning
    @(136.5000 mm, 107.2000 mm): Footprint C101
[lib_footprint_mismatch]: Footprint 'R_0402_1005Metric' does not match copy in library 'Resistor_SMD'
    Local override; warning
    @(169.0000 mm, 86.0000 mm): Footprint R61
[lib_footprint_mismatch]: Footprint 'C_1206_3216Metric' does not match copy in library 'Capacitor_SMD'
    Local override; warning
    @(154.5000 mm, 107.2000 mm): Footprint C107
[lib_footprint_mismatch]: Footprint 'C_0603_1608Metric' does not match copy in library 'Capacitor_SMD'
    Local override; warning
    @(149.5000 mm, 94.5000 mm): Footprint C43
[lib_footprint_mismatch]: Footprint 'TDSON-8-1' does not match copy in library 'Package_TO_SOT_SMD'
    Local override; warning
    @(140.0000 mm, 120.1000 mm): Footprint Q2
[lib_footprint_mismatch]: Footprint 'C_0402_1005Metric' does not match copy in library 'Capacitor_SMD'
    Local override; warning
    @(150.0000 mm, 87.5000 mm): Footprint C9
[lib_footprint_mismatch]: Footprint 'R_0603_1608Metric' does not match copy in library 'Resistor_SMD'
    Local override; warning
    @(135.7500 mm, 88.2500 mm): Footprint R3
[lib_footprint_mismatch]: Footprint 'TDSON-8-1' does not match copy in library 'Package_TO_SOT_SMD'
    Local override; warning
    @(160.0000 mm, 113.5000 mm): Footprint Q5
[lib_footprint_mismatch]: Footprint 'Crystal_SMD_3225-4Pin_3.2x2.5mm' does not match copy in library 'Crystal'
    Local override; warning
    @(160.0000 mm, 85.7500 mm): Footprint Y1
[lib_footprint_mismatch]: Footprint 'C_0402_1005Metric' does not match copy in library 'Capacitor_SMD'
    Local override; warning
    @(130.2500 mm, 100.0000 mm): Footprint C46
[lib_footprint_mismatch]: Footprint 'C_1206_3216Metric' does not match copy in library 'Capacitor_SMD'
    Local override; warning
    @(139.5000 mm, 107.2000 mm): Footprint C102
[lib_footprint_mismatch]: Footprint 'R_0805_2012Metric' does not match copy in library 'Resistor_SMD'
    Local override; warning
    @(150.0000 mm, 113.0000 mm): Footprint R31
[lib_footprint_mismatch]: Footprint 'Tag-Connect_TC2030-IDC-NL_2x03_P1.27mm_Vertical' does not match copy in library 'Connector'
    Local override; warning
    @(151.0000 mm, 84.0000 mm): Footprint J6
[lib_footprint_mismatch]: Footprint 'R_0402_1005Metric' does not match copy in library 'Resistor_SMD'
    Local override; warning
    @(161.0000 mm, 115.5000 mm): Footprint R25
[lib_footprint_mismatch]: Footprint 'C_1206_3216Metric' does not match copy in library 'Capacitor_SMD'
    Local override; warning
    @(133.5000 mm, 107.2000 mm): Footprint C112
[lib_footprint_mismatch]: Footprint 'C_0805_2012Metric' does not match copy in library 'Capacitor_SMD'
    Local override; warning
    @(134.0000 mm, 93.7500 mm): Footprint C12
[lib_footprint_mismatch]: Footprint 'C_0805_2012Metric' does not match copy in library 'Capacitor_SMD'
    Local override; warning
    @(134.0000 mm, 98.5000 mm): Footprint C13
[lib_footprint_mismatch]: Footprint 'R_0402_1005Metric' does not match copy in library 'Resistor_SMD'
    Local override; warning
    @(150.0000 mm, 96.0000 mm): Footprint R81
[lib_footprint_mismatch]: Footprint 'R_0402_1005Metric' does not match copy in library 'Resistor_SMD'
    Local override; warning
    @(153.0000 mm, 113.0000 mm): Footprint R22
[lib_footprint_mismatch]: Footprint 'R_0603_1608Metric' does not match copy in library 'Resistor_SMD'
    Local override; warning
    @(134.2500 mm, 102.2500 mm): Footprint R71
[lib_footprint_mismatch]: Footprint 'C_1206_3216Metric' does not match copy in library 'Capacitor_SMD'
    Local override; warning
    @(136.5000 mm, 107.2000 mm): Footprint C113
[lib_footprint_mismatch]: Footprint 'R_0603_1608Metric' does not match copy in library 'Resistor_SMD'
    Local override; warning
    @(166.0000 mm, 97.0000 mm): Footprint R76
[lib_footprint_mismatch]: Footprint 'R_Shunt_Vishay_WSK2512_6332Metric_T2.66mm' does not match copy in library 'Resistor_SMD'
    Local override; warning
    @(150.0000 mm, 120.1000 mm): Footprint RS2
[lib_footprint_mismatch]: Footprint 'C_0402_1005Metric' does not match copy in library 'Capacitor_SMD'
    Local override; warning
    @(137.0000 mm, 81.0000 mm): Footprint C14
[lib_footprint_mismatch]: Footprint 'C_0603_1608Metric' does not match copy in library 'Capacitor_SMD'
    Local override; warning
    @(130.7500 mm, 85.7500 mm): Footprint C15
[lib_footprint_mismatch]: Footprint 'C_0402_1005Metric' does not match copy in library 'Capacitor_SMD'
    Local override; warning
    @(150.5000 mm, 92.5000 mm): Footprint C73
[lib_footprint_mismatch]: Footprint 'R_0402_1005Metric' does not match copy in library 'Resistor_SMD'
    Local override; warning
    @(157.2500 mm, 111.0000 mm): Footprint R24
[lib_footprint_mismatch]: Footprint 'C_0603_1608Metric' does not match copy in library 'Capacitor_SMD'
    Local override; warning
    @(160.2500 mm, 110.7500 mm): Footprint C30
[lib_footprint_mismatch]: Footprint 'R_0402_1005Metric' does not match copy in library 'Resistor_SMD'
    Local override; warning
    @(146.5000 mm, 85.5000 mm): Footprint R74
[lib_footprint_mismatch]: Footprint 'R_0402_1005Metric' does not match copy in library 'Resistor_SMD'
    Local override; warning
    @(133.7500 mm, 119.5000 mm): Footprint R21
[lib_footprint_mismatch]: Footprint 'R_Shunt_Vishay_WSK2512_6332Metric_T2.66mm' does not match copy in library 'Resistor_SMD'
    Local override; warning
    @(140.0000 mm, 120.1000 mm): Footprint RS1
[lib_footprint_mismatch]: Footprint 'C_1206_3216Metric' does not match copy in library 'Capacitor_SMD'
    Local override; warning
    @(160.5000 mm, 107.2000 mm): Footprint C121
[lib_footprint_mismatch]: Footprint 'R_0402_1005Metric' does not match copy in library 'Resistor_SMD'
    Local override; warning
    @(165.7500 mm, 100.0000 mm): Footprint R78
[lib_footprint_mismatch]: Footprint 'R_0402_1005Metric' does not match copy in library 'Resistor_SMD'
    Local override; warning
    @(151.5000 mm, 115.5000 mm): Footprint R23
[lib_footprint_mismatch]: Footprint 'C_1206_3216Metric' does not match copy in library 'Capacitor_SMD'
    Local override; warning
    @(157.5000 mm, 107.2000 mm): Footprint C120
[lib_footprint_mismatch]: Footprint 'R_Shunt_Vishay_WSK2512_6332Metric_T2.66mm' does not match copy in library 'Resistor_SMD'
    Local override; warning
    @(160.0000 mm, 120.1000 mm): Footprint RS3
[lib_footprint_mismatch]: Footprint 'C_0402_1005Metric' does not match copy in library 'Capacitor_SMD'
    Local override; warning
    @(156.0000 mm, 116.2500 mm): Footprint C75
[lib_footprint_mismatch]: Footprint 'C_1206_3216Metric' does not match copy in library 'Capacitor_SMD'
    Local override; warning
    @(139.5000 mm, 107.2000 mm): Footprint C114
[lib_footprint_mismatch]: Footprint 'R_0402_1005Metric' does not match copy in library 'Resistor_SMD'
    Local override; warning
    @(146.3478 mm, 114.9994 mm): Footprint R33
[lib_footprint_mismatch]: Footprint 'C_0603_1608Metric' does not match copy in library 'Capacitor_SMD'
    Local override; warning
    @(158.5000 mm, 115.2500 mm): Footprint C31
[lib_footprint_mismatch]: Footprint 'C_0402_1005Metric' does not match copy in library 'Capacitor_SMD'
    Local override; warning
    @(148.5000 mm, 92.5000 mm): Footprint C17
[lib_footprint_mismatch]: Footprint 'R_0402_1005Metric' does not match copy in library 'Resistor_SMD'
    Local override; warning
    @(166.2500 mm, 94.2500 mm): Footprint R77
[lib_footprint_mismatch]: Footprint 'R_0402_1005Metric' does not match copy in library 'Resistor_SMD'
    Local override; warning
    @(164.5000 mm, 112.0000 mm): Footprint R80
[lib_footprint_mismatch]: Footprint 'C_1206_3216Metric' does not match copy in library 'Capacitor_SMD'
    Local override; warning
    @(145.5000 mm, 107.2000 mm): Footprint C116
[lib_footprint_mismatch]: Footprint 'R_0402_1005Metric' does not match copy in library 'Resistor_SMD'
    Local override; warning
    @(149.2500 mm, 87.0000 mm): Footprint R73
[lib_footprint_mismatch]: Footprint 'C_1206_3216Metric' does not match copy in library 'Capacitor_SMD'
    Local override; warning
    @(166.5000 mm, 107.2000 mm): Footprint C123
[lib_footprint_mismatch]: Footprint 'R_0402_1005Metric' does not match copy in library 'Resistor_SMD'
    Local override; warning
    @(132.0000 mm, 100.0000 mm): Footprint R70
[lib_footprint_mismatch]: Footprint 'C_0402_1005Metric' does not match copy in library 'Capacitor_SMD'
    Local override; warning
    @(130.5000 mm, 99.7500 mm): Footprint C70
[lib_footprint_mismatch]: Footprint 'R_0603_1608Metric' does not match copy in library 'Resistor_SMD'
    Local override; warning
    @(146.7224 mm, 112.1880 mm): Footprint TH1
[lib_footprint_mismatch]: Footprint 'SOP-4_3.8x4.1mm_P2.54mm' does not match copy in library 'Package_SO'
    Local override; warning
    @(141.2500 mm, 88.7500 mm): Footprint K1
[lib_footprint_mismatch]: Footprint 'C_1206_3216Metric' does not match copy in library 'Capacitor_SMD'
    Local override; warning
    @(142.5000 mm, 107.2000 mm): Footprint C115
[lib_footprint_mismatch]: Footprint 'C_0402_1005Metric' does not match copy in library 'Capacitor_SMD'
    Local override; warning
    @(129.0000 mm, 85.5000 mm): Footprint C16
[lib_footprint_mismatch]: Footprint 'C_0402_1005Metric' does not match copy in library 'Capacitor_SMD'
    Local override; warning
    @(150.2500 mm, 94.5000 mm): Footprint C72
[lib_footprint_mismatch]: Footprint 'R_0402_1005Metric' does not match copy in library 'Resistor_SMD'
    Local override; warning
    @(158.0000 mm, 117.0000 mm): Footprint R79
[lib_footprint_mismatch]: Footprint 'C_1206_3216Metric' does not match copy in library 'Capacitor_SMD'
    Local override; warning
    @(163.5000 mm, 107.2000 mm): Footprint C122
[lib_footprint_mismatch]: Footprint 'C_0603_1608Metric' does not match copy in library 'Capacitor_SMD'
    Local override; warning
    @(144.7500 mm, 116.7500 mm): Footprint C23
[lib_footprint_mismatch]: Footprint 'SOT-23' does not match copy in library 'Package_TO_SOT_SMD'
    Local override; warning
    @(134.7500 mm, 89.2500 mm): Footprint D70
[lib_footprint_mismatch]: Footprint 'TSSOP-14_4.4x5mm_P0.65mm' does not match copy in library 'Package_SO'
    Local override; warning
    @(150.0000 mm, 100.0000 mm): Footprint U7
[lib_footprint_mismatch]: Footprint 'R_0402_1005Metric' does not match copy in library 'Resistor_SMD'
    Local override; warning
    @(146.5000 mm, 82.7500 mm): Footprint R72
[lib_footprint_mismatch]: Footprint 'SOIC-8_3.9x4.9mm_P1.27mm' does not match copy in library 'Package_SO'
    Local override; warning
    @(158.7500 mm, 84.5000 mm): Footprint U8
[lib_footprint_mismatch]: Footprint 'C_0402_1005Metric' does not match copy in library 'Capacitor_SMD'
    Local override; warning
    @(168.0000 mm, 97.0000 mm): Footprint C74
[lib_footprint_mismatch]: Footprint 'L_1008_2520Metric' does not match copy in library 'Inductor_SMD'
    Local override; warning
    @(143.7500 mm, 84.0000 mm): Footprint L2
[lib_footprint_mismatch]: Footprint 'C_1206_3216Metric' does not match copy in library 'Capacitor_SMD'
    Local override; warning
    @(154.5000 mm, 107.2000 mm): Footprint C119
[lib_footprint_mismatch]: Footprint 'C_0603_1608Metric' does not match copy in library 'Capacitor_SMD'
    Local override; warning
    @(150.7500 mm, 110.7500 mm): Footprint C26
[lib_footprint_mismatch]: Footprint 'C_0402_1005Metric' does not match copy in library 'Capacitor_SMD'
    Local override; warning
    @(129.0000 mm, 100.0000 mm): Footprint C71
[lib_footprint_mismatch]: Footprint 'C_1206_3216Metric' does not match copy in library 'Capacitor_SMD'
    Local override; warning
    @(151.5000 mm, 107.2000 mm): Footprint C118
[lib_footprint_mismatch]: Footprint 'R_0805_2012Metric' does not match copy in library 'Resistor_SMD'
    Local override; warning
    @(135.5000 mm, 111.0000 mm): Footprint R30
[lib_footprint_mismatch]: Footprint 'C_0603_1608Metric' does not match copy in library 'Capacitor_SMD'
    Local override; warning
    @(141.2500 mm, 116.7500 mm): Footprint C22
[lib_footprint_mismatch]: Footprint 'C_0402_1005Metric' does not match copy in library 'Capacitor_SMD'
    Local override; warning
    @(159.0000 mm, 100.5000 mm): Footprint C32
[lib_footprint_mismatch]: Footprint 'R_0402_1005Metric' does not match copy in library 'Resistor_SMD'
    Local override; warning
    @(151.7500 mm, 87.0000 mm): Footprint R75
[lib_footprint_mismatch]: Footprint 'R_0402_1005Metric' does not match copy in library 'Resistor_SMD'
    Local override; warning
    @(131.0000 mm, 113.7500 mm): Footprint R20
[lib_footprint_mismatch]: Footprint 'L_0603_1608Metric' does not match copy in library 'Inductor_SMD'
    Local override; warning
    @(140.0000 mm, 81.2500 mm): Footprint FB1
[lib_footprint_mismatch]: Footprint 'C_0603_1608Metric' does not match copy in library 'Capacitor_SMD'
    Local override; warning
    @(149.0000 mm, 115.2500 mm): Footprint C27
[lib_footprint_mismatch]: Footprint 'R_0805_2012Metric' does not match copy in library 'Resistor_SMD'
    Local override; warning
    @(159.5000 mm, 113.0000 mm): Footprint R32
[lib_footprint_mismatch]: Footprint 'C_1206_3216Metric' does not match copy in library 'Capacitor_SMD'
    Local override; warning
    @(148.5000 mm, 107.2000 mm): Footprint C117

** Found 0 unconnected pads **

** Found 0 Footprint errors **

** Ignored checks **
    - Footprint has no courtyard defined
    - Track endpoint not centered on via
    - Tuning profile track geometries
    - Footprint doesn't match symbol's footprint filters
    - Footprint component type doesn't match footprint pads

** End of Report **
